▲ Next.js 16.2.10 (Turbopack)
- Local:         http://localhost:3000
- Network:       http://192.168.0.192:3000
✓ Ready in 622ms

 GET / 200 in 5.9s (next.js: 592ms, proxy.ts: 463ms, application-code: 4.8s)
 GET /api/proxy/properties/b931ce75-9432-410a-bf18-59fddf04aa3d/favorite-status 401 in 1548ms (next.js: 1412ms, application-code: 136ms)
 GET / 200 in 7.9s (next.js: 25ms, proxy.ts: 15ms, application-code: 7.8s)
 GET / 200 in 2.5s (next.js: 28ms, proxy.ts: 30ms, application-code: 2.4s)
 GET / 200 in 2.1s (next.js: 34ms, proxy.ts: 20ms, application-code: 2.0s)
 GET / 200 in 2.5s (next.js: 33ms, proxy.ts: 14ms, application-code: 2.5s)
 GET /properties 200 in 5.2s (next.js: 189ms, proxy.ts: 20ms, application-code: 5.0s)
 GET / 200 in 2.6s (next.js: 851ms, proxy.ts: 321ms, application-code: 1400ms)
 GET /properties 200 in 2.6s (next.js: 1361ms, proxy.ts: 469ms, application-code: 746ms)
✓ Compiled in 3388s
 GET /properties 200 in 5.1s (next.js: 30ms, proxy.ts: 29ms, application-code: 5.1s)
 GET /api/proxy/properties/b931ce75-9432-410a-bf18-59fddf04aa3d/favorite-status 401 in 619ms (next.js: 202ms, application-code: 417ms)
 GET /api/proxy/properties/cc1fa3b7-156f-40fd-8ed9-470d2edf2ed6/favorite-status 401 in 645ms (next.js: 272ms, application-code: 373ms)
 GET /api/proxy/properties/d65dde59-2d55-4c8f-b348-b6ac715f5a3f/favorite-status 401 in 657ms (next.js: 427ms, application-code: 231ms)
 GET /api/proxy/properties/b931ce75-9432-410a-bf18-59fddf04aa3d/favorite-status 401 in 257ms (next.js: 24ms, application-code: 233ms)
 GET /api/proxy/properties/cc1fa3b7-156f-40fd-8ed9-470d2edf2ed6/favorite-status 401 in 266ms (next.js: 72ms, application-code: 194ms)
 GET /api/proxy/properties/d65dde59-2d55-4c8f-b348-b6ac715f5a3f/favorite-status 401 in 169ms (next.js: 74ms, application-code: 95ms)
 GET /properties?view=map 200 in 1582ms (next.js: 24ms, proxy.ts: 21ms, application-code: 1536ms)
 GET /properties?view=list&page=1 200 in 2.3s (next.js: 30ms, proxy.ts: 26ms, application-code: 2.2s)
 GET /api/proxy/properties/b931ce75-9432-410a-bf18-59fddf04aa3d/favorite-status 401 in 213ms (next.js: 43ms, application-code: 170ms)
 GET /api/proxy/properties/cc1fa3b7-156f-40fd-8ed9-470d2edf2ed6/favorite-status 401 in 226ms (next.js: 59ms, application-code: 167ms)
 GET /api/proxy/properties/d65dde59-2d55-4c8f-b348-b6ac715f5a3f/favorite-status 401 in 244ms (next.js: 82ms, application-code: 162ms)
 GET /api/proxy/properties/b931ce75-9432-410a-bf18-59fddf04aa3d/favorite-status 401 in 215ms (next.js: 21ms, application-code: 194ms)
 GET /api/proxy/properties/cc1fa3b7-156f-40fd-8ed9-470d2edf2ed6/favorite-status 401 in 206ms (next.js: 39ms, application-code: 167ms)
 GET /api/proxy/properties/d65dde59-2d55-4c8f-b348-b6ac715f5a3f/favorite-status 401 in 212ms (next.js: 65ms, application-code: 147ms)
 GET /properties 200 in 3.4s (next.js: 13ms, proxy.ts: 3.0s, application-code: 370ms)
▲ Next.js 16.2.10 (Turbopack)
- Local:         http://localhost:3000
- Network:       http://192.168.0.192:3000
✓ Ready in 2.3s

 GET /properties?view=list&page=1 200 in 4.8s (next.js: 852ms, proxy.ts: 721ms, application-code: 3.2s)
 GET / 200 in 3.6s (next.js: 206ms, proxy.ts: 31ms, application-code: 3.3s)
 GET /api/proxy/properties/b931ce75-9432-410a-bf18-59fddf04aa3d/favorite-status 401 in 1503ms (next.js: 1371ms, application-code: 132ms)
 GET /api/proxy/properties/b931ce75-9432-410a-bf18-59fddf04aa3d/favorite-status 401 in 73ms (next.js: 29ms, application-code: 43ms)
 GET /properties 200 in 1980ms (next.js: 34ms, proxy.ts: 32ms, application-code: 1913ms)
 GET /api/proxy/properties/b931ce75-9432-410a-bf18-59fddf04aa3d/favorite-status 401 in 94ms (next.js: 40ms, application-code: 54ms)
 GET /api/proxy/properties/cc1fa3b7-156f-40fd-8ed9-470d2edf2ed6/favorite-status 401 in 125ms (next.js: 7ms, application-code: 118ms)
 GET /api/proxy/properties/d65dde59-2d55-4c8f-b348-b6ac715f5a3f/favorite-status 401 in 152ms (next.js: 46ms, application-code: 106ms)
 GET /api/proxy/properties/b931ce75-9432-410a-bf18-59fddf04aa3d/favorite-status 401 in 125ms (next.js: 25ms, application-code: 100ms)
 GET /api/proxy/properties/cc1fa3b7-156f-40fd-8ed9-470d2edf2ed6/favorite-status 401 in 120ms (next.js: 19ms, application-code: 101ms)
 GET /api/proxy/properties/d65dde59-2d55-4c8f-b348-b6ac715f5a3f/favorite-status 401 in 136ms (next.js: 72ms, application-code: 64ms)
 GET /properties 200 in 6.7s (next.js: 1031ms, proxy.ts: 23ms, application-code: 5.6s)
 GET /properties 200 in 5.5s (next.js: 366ms, proxy.ts: 260ms, application-code: 4.9s)
 GET /properties 200 in 1947ms (next.js: 528ms, proxy.ts: 204ms, application-code: 1215ms)
 GET /properties 200 in 563ms (next.js: 23ms, proxy.ts: 127ms, application-code: 413ms)
 GET /properties 200 in 5.1s (next.js: 25ms, proxy.ts: 21ms, application-code: 5.0s)
 GET /properties 200 in 2.3s (next.js: 697ms, proxy.ts: 252ms, application-code: 1388ms)
 GET /properties 200 in 549ms (next.js: 41ms, proxy.ts: 110ms, application-code: 399ms)
 GET /properties 200 in 2.5s (next.js: 26ms, proxy.ts: 18ms, application-code: 2.4s)
 GET /properties 200 in 2.2s (next.js: 656ms, proxy.ts: 261ms, application-code: 1290ms)
 GET /properties 200 in 568ms (next.js: 36ms, proxy.ts: 100ms, application-code: 432ms)
 GET /properties 200 in 2.5s (next.js: 24ms, proxy.ts: 26ms, application-code: 2.4s)
 GET /properties 200 in 2.6s (next.js: 741ms, proxy.ts: 322ms, application-code: 1521ms)
 GET /properties 200 in 765ms (next.js: 76ms, proxy.ts: 115ms, application-code: 573ms)
 GET /properties 200 in 3.0s (next.js: 24ms, proxy.ts: 24ms, application-code: 2.9s)
 GET /properties 200 in 2.2s (next.js: 28ms, proxy.ts: 28ms, application-code: 2.2s)
 GET /properties 200 in 2.1s (next.js: 620ms, proxy.ts: 257ms, application-code: 1220ms)
 GET /properties 200 in 509ms (next.js: 20ms, proxy.ts: 131ms, application-code: 358ms)
 GET /properties 200 in 2.8s (next.js: 24ms, proxy.ts: 24ms, application-code: 2.7s)
 GET /properties 200 in 2.7s (next.js: 45ms, proxy.ts: 24ms, application-code: 2.6s)
 GET /properties 200 in 445ms (next.js: 29ms, proxy.ts: 106ms, application-code: 310ms)
 HEAD /properties 200 in 1665ms (next.js: 24ms, proxy.ts: 26ms, application-code: 1615ms)
 GET / 200 in 4.7s (next.js: 52ms, proxy.ts: 28ms, application-code: 4.6s)
 GET / 200 in 2.5s (next.js: 28ms, proxy.ts: 21ms, application-code: 2.4s)
 GET /api/proxy/properties/b931ce75-9432-410a-bf18-59fddf04aa3d/favorite-status 401 in 254ms (next.js: 101ms, application-code: 153ms)
 GET /api/proxy/properties/cc1fa3b7-156f-40fd-8ed9-470d2edf2ed6/favorite-status 401 in 274ms (next.js: 117ms, application-code: 157ms)
 GET /api/proxy/properties/d65dde59-2d55-4c8f-b348-b6ac715f5a3f/favorite-status 401 in 283ms (next.js: 156ms, application-code: 126ms)
 GET /properties 200 in 2.2s (next.js: 34ms, proxy.ts: 34ms, application-code: 2.1s)
 GET /properties 200 in 1619ms (next.js: 22ms, proxy.ts: 30ms, application-code: 1567ms)
 GET /properties 200 in 1555ms (next.js: 29ms, proxy.ts: 18ms, application-code: 1508ms)
 GET /properties 200 in 1811ms (next.js: 25ms, proxy.ts: 13ms, application-code: 1773ms)
 GET /properties 200 in 2.8s (next.js: 1034ms, proxy.ts: 409ms, application-code: 1350ms)
 GET /properties 200 in 2.9s (next.js: 652ms, proxy.ts: 368ms, application-code: 1844ms)
 GET /properties 200 in 988ms (next.js: 48ms, proxy.ts: 222ms, application-code: 717ms)
 GET /properties 200 in 885ms (next.js: 268ms, proxy.ts: 134ms, application-code: 483ms)
 GET /properties 200 in 2.7s (next.js: 655ms, proxy.ts: 236ms, application-code: 1858ms)
 GET /properties 200 in 2.4s (next.js: 104ms, proxy.ts: 1179ms, application-code: 1095ms)
 GET /properties 200 in 1205ms (next.js: 354ms, proxy.ts: 81ms, application-code: 771ms)
 GET /properties 200 in 861ms (next.js: 90ms, proxy.ts: 371ms, application-code: 400ms)
 GET /properties 200 in 1366ms (next.js: 433ms, proxy.ts: 10ms, application-code: 922ms)
 GET /properties 200 in 692ms (next.js: 56ms, proxy.ts: 146ms, application-code: 489ms)
 GET /properties 200 in 693ms (next.js: 147ms, proxy.ts: 148ms, application-code: 397ms)
 GET /properties 200 in 266ms (next.js: 19ms, proxy.ts: 64ms, application-code: 184ms)
 GET /properties 200 in 1342ms (next.js: 440ms, proxy.ts: 11ms, application-code: 891ms)
 GET /properties 200 in 1152ms (next.js: 71ms, proxy.ts: 607ms, application-code: 475ms)
 GET /properties 200 in 549ms (next.js: 61ms, proxy.ts: 153ms, application-code: 335ms)
 GET /properties 200 in 367ms (next.js: 42ms, proxy.ts: 138ms, application-code: 188ms)
 GET /properties 200 in 4.6s (next.js: 15ms, proxy.ts: 21ms, application-code: 4.6s)
 GET /properties 200 in 1171ms (next.js: 254ms, proxy.ts: 274ms, application-code: 642ms)
 GET /properties 200 in 905ms (next.js: 100ms, proxy.ts: 374ms, application-code: 431ms)
 GET /properties 200 in 463ms (next.js: 38ms, proxy.ts: 132ms, application-code: 293ms)
 GET /properties 200 in 332ms (next.js: 139ms, proxy.ts: 28ms, application-code: 165ms)
 GET /properties 200 in 3.7s (next.js: 10ms, proxy.ts: 7ms, application-code: 3.7s)
 GET / 200 in 6.2s (next.js: 98ms, proxy.ts: 36ms, application-code: 6.0s)
 GET /api/proxy/properties/b931ce75-9432-410a-bf18-59fddf04aa3d/favorite-status 401 in 364ms (next.js: 211ms, application-code: 153ms)
 GET /api/proxy/properties/b931ce75-9432-410a-bf18-59fddf04aa3d/favorite-status 401 in 66ms (next.js: 12ms, application-code: 54ms)
 GET /properties 200 in 2.6s (next.js: 39ms, proxy.ts: 14ms, application-code: 2.6s)
 GET / 200 in 1787ms (next.js: 464ms, proxy.ts: 241ms, application-code: 1082ms)
 GET / 200 in 416ms (next.js: 51ms, proxy.ts: 20ms, application-code: 345ms)
 GET /properties 200 in 1537ms (next.js: 457ms, proxy.ts: 9ms, application-code: 1070ms)
 GET /properties 200 in 399ms (next.js: 40ms, proxy.ts: 36ms, application-code: 323ms)
 GET / 200 in 4.8s (next.js: 20ms, proxy.ts: 20ms, application-code: 4.7s)
 GET / 200 in 2.4s (next.js: 490ms, proxy.ts: 240ms, application-code: 1684ms)
 GET / 200 in 1056ms (next.js: 56ms, proxy.ts: 61ms, application-code: 939ms)
 GET / 200 in 1047ms (next.js: 528ms, proxy.ts: 59ms, application-code: 460ms)
 GET / 200 in 1058ms (next.js: 309ms, proxy.ts: 61ms, application-code: 687ms)
 GET /properties 200 in 4.5s (next.js: 499ms, proxy.ts: 29ms, application-code: 3.9s)
 GET /contact 200 in 499ms (next.js: 197ms, proxy.ts: 38ms, application-code: 265ms)
 GET /properties 200 in 3.7s (next.js: 54ms, proxy.ts: 18ms, application-code: 3.7s)
 GET / 200 in 3.7s (next.js: 24ms, proxy.ts: 41ms, application-code: 3.6s)
 GET /api/proxy/properties/b931ce75-9432-410a-bf18-59fddf04aa3d/favorite-status 401 in 267ms (next.js: 173ms, application-code: 94ms)
 GET /api/proxy/properties/b931ce75-9432-410a-bf18-59fddf04aa3d/favorite-status 401 in 88ms (next.js: 15ms, application-code: 73ms)
 GET /properties?view=map 200 in 2.3s (next.js: 24ms, proxy.ts: 23ms, application-code: 2.2s)
 GET /properties?view=list&page=1 200 in 1072ms (next.js: 11ms, proxy.ts: 8ms, application-code: 1052ms)
 GET /properties 200 in 1591ms (next.js: 51ms, proxy.ts: 25ms, application-code: 1515ms)
 GET /api/proxy/properties/b931ce75-9432-410a-bf18-59fddf04aa3d/favorite-status 401 in 149ms (next.js: 38ms, application-code: 111ms)
 GET /api/proxy/properties/cc1fa3b7-156f-40fd-8ed9-470d2edf2ed6/favorite-status 401 in 160ms (next.js: 51ms, application-code: 109ms)
 GET /api/proxy/properties/d65dde59-2d55-4c8f-b348-b6ac715f5a3f/favorite-status 401 in 175ms (next.js: 66ms, application-code: 109ms)
 GET /api/proxy/properties/b931ce75-9432-410a-bf18-59fddf04aa3d/favorite-status 401 in 146ms (next.js: 23ms, application-code: 123ms)
 GET /api/proxy/properties/cc1fa3b7-156f-40fd-8ed9-470d2edf2ed6/favorite-status 401 in 142ms (next.js: 27ms, application-code: 115ms)
 GET /api/proxy/properties/d65dde59-2d55-4c8f-b348-b6ac715f5a3f/favorite-status 401 in 107ms (next.js: 28ms, application-code: 79ms)
 GET /properties?view=map 200 in 1229ms (next.js: 23ms, proxy.ts: 19ms, application-code: 1187ms)
 GET /properties?view=list&page=1 200 in 989ms (next.js: 19ms, proxy.ts: 21ms, application-code: 948ms)
 GET /api/proxy/properties/b931ce75-9432-410a-bf18-59fddf04aa3d/favorite-status 401 in 142ms (next.js: 39ms, application-code: 103ms)
 GET /api/proxy/properties/cc1fa3b7-156f-40fd-8ed9-470d2edf2ed6/favorite-status 401 in 157ms (next.js: 53ms, application-code: 103ms)
 GET /api/proxy/properties/d65dde59-2d55-4c8f-b348-b6ac715f5a3f/favorite-status 401 in 168ms (next.js: 64ms, application-code: 104ms)
 GET /api/proxy/properties/b931ce75-9432-410a-bf18-59fddf04aa3d/favorite-status 401 in 154ms (next.js: 37ms, application-code: 117ms)
 GET /api/proxy/properties/cc1fa3b7-156f-40fd-8ed9-470d2edf2ed6/favorite-status 401 in 164ms (next.js: 65ms, application-code: 98ms)
 GET /api/proxy/properties/d65dde59-2d55-4c8f-b348-b6ac715f5a3f/favorite-status 401 in 152ms (next.js: 74ms, application-code: 78ms)
 GET /properties?view=map 200 in 3.2s (next.js: 33ms, proxy.ts: 23ms, application-code: 3.1s)
 GET /properties?view=map 200 in 1945ms (next.js: 635ms, proxy.ts: 381ms, application-code: 929ms)
 GET /properties?view=list&page=1 200 in 395ms (next.js: 32ms, proxy.ts: 23ms, application-code: 341ms)
 GET /properties?view=list&page=1 200 in 2.1s (next.js: 79ms, proxy.ts: 25ms, application-code: 1970ms)
 GET /api/proxy/properties/b931ce75-9432-410a-bf18-59fddf04aa3d/favorite-status 401 in 399ms (next.js: 194ms, application-code: 205ms)
 GET /api/proxy/properties/cc1fa3b7-156f-40fd-8ed9-470d2edf2ed6/favorite-status 401 in 224ms (next.js: 70ms, application-code: 153ms)
 GET /api/proxy/properties/d65dde59-2d55-4c8f-b348-b6ac715f5a3f/favorite-status 401 in 236ms (next.js: 107ms, application-code: 129ms)
 GET /api/proxy/properties/b931ce75-9432-410a-bf18-59fddf04aa3d/favorite-status 401 in 177ms (next.js: 28ms, application-code: 149ms)
 GET /api/proxy/properties/cc1fa3b7-156f-40fd-8ed9-470d2edf2ed6/favorite-status 401 in 138ms (next.js: 23ms, application-code: 115ms)
 GET /api/proxy/properties/d65dde59-2d55-4c8f-b348-b6ac715f5a3f/favorite-status 401 in 148ms (next.js: 59ms, application-code: 90ms)
 GET / 200 in 4.4s (next.js: 75ms, proxy.ts: 24ms, application-code: 4.3s)
 GET /api/proxy/properties/b931ce75-9432-410a-bf18-59fddf04aa3d/favorite-status 401 in 50ms (next.js: 27ms, application-code: 23ms)
 GET /api/proxy/properties/b931ce75-9432-410a-bf18-59fddf04aa3d/favorite-status 401 in 65ms (next.js: 20ms, application-code: 45ms)
 GET /properties 200 in 3.2s (next.js: 29ms, proxy.ts: 22ms, application-code: 3.1s)
 GET /properties 200 in 1859ms (next.js: 28ms, proxy.ts: 42ms, application-code: 1790ms)
 GET /api/proxy/properties/b931ce75-9432-410a-bf18-59fddf04aa3d/favorite-status 401 in 254ms (next.js: 40ms, application-code: 215ms)
 GET /api/proxy/properties/cc1fa3b7-156f-40fd-8ed9-470d2edf2ed6/favorite-status 401 in 246ms (next.js: 52ms, application-code: 194ms)
 GET /api/proxy/properties/d65dde59-2d55-4c8f-b348-b6ac715f5a3f/favorite-status 401 in 257ms (next.js: 99ms, application-code: 158ms)
 GET /api/proxy/properties/b931ce75-9432-410a-bf18-59fddf04aa3d/favorite-status 401 in 176ms (next.js: 33ms, application-code: 143ms)
 GET /api/proxy/properties/cc1fa3b7-156f-40fd-8ed9-470d2edf2ed6/favorite-status 401 in 170ms (next.js: 32ms, application-code: 138ms)
 GET /api/proxy/properties/d65dde59-2d55-4c8f-b348-b6ac715f5a3f/favorite-status 401 in 175ms (next.js: 66ms, application-code: 109ms)
 GET / 200 in 3.6s (next.js: 19ms, proxy.ts: 20ms, application-code: 3.6s)
 GET /api/proxy/properties/b931ce75-9432-410a-bf18-59fddf04aa3d/favorite-status 401 in 63ms (next.js: 40ms, application-code: 23ms)
 GET /api/proxy/properties/b931ce75-9432-410a-bf18-59fddf04aa3d/favorite-status 401 in 68ms (next.js: 13ms, application-code: 54ms)
 GET /properties 200 in 951ms (next.js: 242ms, proxy.ts: 111ms, application-code: 598ms)
 GET /properties 200 in 346ms (next.js: 12ms, proxy.ts: 21ms, application-code: 313ms)
 GET /properties 200 in 232ms (next.js: 15ms, proxy.ts: 50ms, application-code: 167ms)
 GET /properties 200 in 591ms (next.js: 210ms, proxy.ts: 93ms, application-code: 288ms)
 GET /services/real-estate 200 in 10.9s (next.js: 72ms, proxy.ts: 6ms, application-code: 10.8s)
▲ Next.js 16.2.10 (Turbopack)
- Local:         http://localhost:3000
- Network:       http://192.168.0.192:3000
✓ Ready in 4.8s

○ Compiling /properties ...
 GET /properties 200 in 9.7s (next.js: 8.2s, proxy.ts: 574ms, application-code: 858ms)
 GET /services/real-estate 200 in 1030ms (next.js: 914ms, proxy.ts: 15ms, application-code: 101ms)
 GET /services/real-estate 200 in 258ms (next.js: 7ms, proxy.ts: 7ms, application-code: 243ms)
 GET /services/real-estate 200 in 179ms (next.js: 9ms, proxy.ts: 8ms, application-code: 162ms)
 GET /properties 200 in 2.8s (next.js: 4ms, proxy.ts: 3ms, application-code: 2.8s)
 GET /properties 200 in 1524ms (next.js: 5ms, proxy.ts: 3ms, application-code: 1515ms)
 GET /properties 200 in 1586ms (next.js: 5ms, proxy.ts: 3ms, application-code: 1577ms)
 GET /services/real-estate 200 in 2.9s (next.js: 9ms, proxy.ts: 7ms, application-code: 2.9s)
 GET /api/proxy/properties/b931ce75-9432-410a-bf18-59fddf04aa3d/favorite-status 401 in 1303ms (next.js: 1250ms, application-code: 53ms)
✓ Compiled in 193ms
 GET /services/real-estate 200 in 557ms (next.js: 222ms, proxy.ts: 75ms, application-code: 260ms)
 GET /properties 200 in 480ms (next.js: 36ms, proxy.ts: 345ms, application-code: 98ms)
 GET /services/real-estate 200 in 3.0s (next.js: 11ms, proxy.ts: 6ms, application-code: 3.0s)
 GET /services/real-estate 200 in 2.9s (next.js: 8ms, proxy.ts: 6ms, application-code: 2.9s)
 GET / 200 in 2.4s (next.js: 593ms, proxy.ts: 3ms, application-code: 1825ms)
 GET / 200 in 1237ms (next.js: 7ms, proxy.ts: 3ms, application-code: 1227ms)
 GET /properties 200 in 1514ms (next.js: 9ms, proxy.ts: 9ms, application-code: 1497ms)
 GET /properties/cc1fa3b7-156f-40fd-8ed9-470d2edf2ed6 200 in 5.9s (next.js: 1299ms, proxy.ts: 2ms, application-code: 4.6s)
 GET /login 200 in 713ms (next.js: 653ms, proxy.ts: 6ms, application-code: 54ms)
 GET /register 200 in 606ms (next.js: 555ms, proxy.ts: 6ms, application-code: 44ms)
 POST /register 200 in 1294ms (next.js: 12ms, proxy.ts: 7ms, application-code: 1275ms)
  └─ ƒ webRegister({"email":"david.okoronkwo2008@gmail.com","firstName":"David","lastName":"Okoronkwo","...":"2 items not stringified"}) in 1241ms lib/auth.ts
 POST /register 200 in 6.1s (next.js: 13ms, proxy.ts: 4ms, application-code: 6.1s)
  └─ ƒ webRegister({"email":"david.okoronkwo200805@gmail.com","firstName":"David","lastName":"Okoronkwo","...":"2 items not stringified"}) in 3240ms lib/auth.ts
 GET /account 200 in 5.0s (next.js: 867ms, proxy.ts: 6ms, application-code: 4.1s)
 GET /account 200 in 5.4s (next.js: 9ms, proxy.ts: 5ms, application-code: 5.4s)
 GET /account 200 in 2.6s (next.js: 8ms, proxy.ts: 8ms, application-code: 2.6s)
 GET / 200 in 2.7s (next.js: 5ms, proxy.ts: 3ms, application-code: 2.7s)
 POST /account 303 in 5.2s (next.js: 5ms, proxy.ts: 3ms, application-code: 5.2s)
  └─ ƒ webLogout() in 2463ms lib/auth.ts
 GET /contact 200 in 344ms (next.js: 318ms, proxy.ts: 4ms, application-code: 23ms)
✓ Compiled in 93ms
 GET /contact 200 in 1000ms (next.js: 98ms, proxy.ts: 339ms, application-code: 563ms)
 GET /services/real-estate 200 in 1239ms (next.js: 237ms, proxy.ts: 230ms, application-code: 772ms)
 GET /services/real-estate 200 in 1241ms (next.js: 304ms, proxy.ts: 231ms, application-code: 706ms)
 GET /contact 200 in 445ms (next.js: 18ms, proxy.ts: 17ms, application-code: 409ms)
 GET /services/real-estate 200 in 727ms (next.js: 150ms, proxy.ts: 9ms, application-code: 567ms)
 GET /services/real-estate 200 in 758ms (next.js: 49ms, proxy.ts: 141ms, application-code: 569ms)
 GET /contact 200 in 196ms (next.js: 7ms, proxy.ts: 44ms, application-code: 145ms)
 GET /services/real-estate 200 in 544ms (next.js: 50ms, proxy.ts: 18ms, application-code: 477ms)
 GET /services/real-estate 200 in 542ms (next.js: 122ms, proxy.ts: 18ms, application-code: 402ms)
 GET /services/real-estate 200 in 544ms (next.js: 158ms, proxy.ts: 18ms, application-code: 368ms)
 GET /services/real-estate 200 in 546ms (next.js: 84ms, proxy.ts: 18ms, application-code: 444ms)
 GET /services/real-estate 200 in 573ms (next.js: 203ms, proxy.ts: 15ms, application-code: 354ms)
 GET /services/real-estate 200 in 573ms (next.js: 254ms, proxy.ts: 15ms, application-code: 304ms)
 GET /services/real-estate 200 in 576ms (next.js: 286ms, proxy.ts: 15ms, application-code: 275ms)
 GET /services/real-estate 200 in 612ms (next.js: 322ms, proxy.ts: 15ms, application-code: 275ms)
 GET /services/real-estate 200 in 304ms (next.js: 9ms, proxy.ts: 7ms, application-code: 288ms)
 GET /services/real-estate 200 in 303ms (next.js: 48ms, proxy.ts: 6ms, application-code: 248ms)
 GET /contact 200 in 158ms (next.js: 41ms, proxy.ts: 41ms, application-code: 76ms)
 GET /services/real-estate 200 in 218ms (next.js: 12ms, proxy.ts: 11ms, application-code: 195ms)
 GET /services/real-estate 200 in 212ms (next.js: 48ms, proxy.ts: 6ms, application-code: 157ms)
 GET /services/real-estate 200 in 164ms (next.js: 8ms, proxy.ts: 41ms, application-code: 115ms)
 GET /services/real-estate 200 in 128ms (next.js: 69ms, proxy.ts: 6ms, application-code: 54ms)
 GET /contact 200 in 39ms (next.js: 5ms, proxy.ts: 4ms, application-code: 31ms)
 GET /contact 200 in 73ms (next.js: 5ms, proxy.ts: 3ms, application-code: 64ms)
 GET /contact 200 in 36ms (next.js: 4ms, proxy.ts: 5ms, application-code: 27ms)
 GET /contact 200 in 36ms (next.js: 4ms, proxy.ts: 3ms, application-code: 29ms)
 GET /contact 200 in 34ms (next.js: 4ms, proxy.ts: 3ms, application-code: 26ms)
 GET / 200 in 1286ms (next.js: 157ms, proxy.ts: 3ms, application-code: 1126ms)
 GET /login 200 in 242ms (next.js: 188ms, proxy.ts: 3ms, application-code: 50ms)
 POST /login 200 in 2.7s (next.js: 4ms, proxy.ts: 4ms, application-code: 2.7s)
  └─ ƒ webLogin("david.okoronkwo200805@gmail.com", "J@F!S36pVyTCThv") in 2075ms lib/auth.ts
 GET /account 200 in 3.5s (next.js: 98ms, proxy.ts: 3ms, application-code: 3.4s)
 GET /account 200 in 3.9s (next.js: 5ms, proxy.ts: 3ms, application-code: 3.9s)
 GET / 200 in 659ms (next.js: 4ms, proxy.ts: 3ms, application-code: 652ms)
 GET /api/proxy/properties/b931ce75-9432-410a-bf18-59fddf04aa3d/favorite-status 200 in 2.7s (next.js: 105ms, application-code: 2.6s)
 GET /api/proxy/properties/b931ce75-9432-410a-bf18-59fddf04aa3d/favorite-status 200 in 1274ms (next.js: 2ms, application-code: 1272ms)
 GET /login?from=%2Faccount 200 in 1006ms (next.js: 5ms, proxy.ts: 2ms, application-code: 999ms)
 GET /properties 200 in 1771ms (next.js: 183ms, proxy.ts: 3ms, application-code: 1584ms)
 GET /api/proxy/properties/b931ce75-9432-410a-bf18-59fddf04aa3d/favorite-status 200 in 1254ms (next.js: 7ms, application-code: 1247ms)
 GET /api/proxy/properties/d65dde59-2d55-4c8f-b348-b6ac715f5a3f/favorite-status 200 in 1606ms (next.js: 10ms, application-code: 1596ms)
 GET /api/proxy/properties/cc1fa3b7-156f-40fd-8ed9-470d2edf2ed6/favorite-status 200 in 2.4s (next.js: 3ms, application-code: 2.4s)
 GET /api/proxy/properties/b931ce75-9432-410a-bf18-59fddf04aa3d/favorite-status 200 in 1258ms (next.js: 8ms, application-code: 1250ms)
 GET /api/proxy/properties/d65dde59-2d55-4c8f-b348-b6ac715f5a3f/favorite-status 200 in 1194ms (next.js: 3ms, application-code: 1191ms)
 GET /api/proxy/properties/cc1fa3b7-156f-40fd-8ed9-470d2edf2ed6/favorite-status 200 in 1631ms (next.js: 7ms, application-code: 1624ms)
 GET /properties/b931ce75-9432-410a-bf18-59fddf04aa3d 200 in 2.4s (next.js: 170ms, proxy.ts: 4ms, application-code: 2.3s)
 GET /api/proxy/properties/b931ce75-9432-410a-bf18-59fddf04aa3d/favorite-status 200 in 1220ms (next.js: 8ms, application-code: 1212ms)
 GET /api/proxy/properties/b931ce75-9432-410a-bf18-59fddf04aa3d/favorite-status 200 in 1205ms (next.js: 7ms, application-code: 1198ms)
 GET /properties 200 in 1836ms (next.js: 4ms, proxy.ts: 2ms, application-code: 1829ms)
 GET /api/proxy/properties/b931ce75-9432-410a-bf18-59fddf04aa3d/favorite-status 200 in 1208ms (next.js: 7ms, application-code: 1201ms)
 GET /api/proxy/properties/cc1fa3b7-156f-40fd-8ed9-470d2edf2ed6/favorite-status 200 in 1213ms (next.js: 3ms, application-code: 1210ms)
 GET /api/proxy/properties/d65dde59-2d55-4c8f-b348-b6ac715f5a3f/favorite-status 200 in 1451ms (next.js: 7ms, application-code: 1443ms)
 GET /api/proxy/properties/b931ce75-9432-410a-bf18-59fddf04aa3d/favorite-status 200 in 1215ms (next.js: 7ms, application-code: 1208ms)
 GET /api/proxy/properties/cc1fa3b7-156f-40fd-8ed9-470d2edf2ed6/favorite-status 200 in 1227ms (next.js: 15ms, application-code: 1212ms)
 GET /api/proxy/properties/d65dde59-2d55-4c8f-b348-b6ac715f5a3f/favorite-status 200 in 1262ms (next.js: 3ms, application-code: 1259ms)
 GET /properties?view=map 200 in 1269ms (next.js: 4ms, proxy.ts: 3ms, application-code: 1262ms)
 GET /properties?view=list&page=1 200 in 877ms (next.js: 4ms, proxy.ts: 6ms, application-code: 866ms)
 GET /api/proxy/properties/b931ce75-9432-410a-bf18-59fddf04aa3d/favorite-status 200 in 1242ms (next.js: 7ms, application-code: 1235ms)
 GET /api/proxy/properties/d65dde59-2d55-4c8f-b348-b6ac715f5a3f/favorite-status 200 in 1652ms (next.js: 8ms, application-code: 1644ms)
 GET /api/proxy/properties/cc1fa3b7-156f-40fd-8ed9-470d2edf2ed6/favorite-status 200 in 2.5s (next.js: 3ms, application-code: 2.5s)
 GET /api/proxy/properties/b931ce75-9432-410a-bf18-59fddf04aa3d/favorite-status 200 in 1265ms (next.js: 8ms, application-code: 1257ms)
 GET /api/proxy/properties/d65dde59-2d55-4c8f-b348-b6ac715f5a3f/favorite-status 200 in 1254ms (next.js: 3ms, application-code: 1251ms)
 GET /api/proxy/properties/cc1fa3b7-156f-40fd-8ed9-470d2edf2ed6/favorite-status 200 in 1247ms (next.js: 6ms, application-code: 1241ms)
 GET /services/lpo-financing 200 in 301ms (next.js: 272ms, proxy.ts: 3ms, application-code: 26ms)
 GET /account 200 in 2.5s (next.js: 5ms, proxy.ts: 4ms, application-code: 2.5s)
 GET /account/reservations 200 in 1908ms (next.js: 281ms, proxy.ts: 4ms, application-code: 1622ms)
 GET /account/favorites 200 in 2.7s (next.js: 279ms, proxy.ts: 3ms, application-code: 2.4s)
 GET /account/profile 200 in 303ms (next.js: 279ms, proxy.ts: 3ms, application-code: 21ms)
 POST /account/profile 200 in 4.5s (next.js: 4ms, proxy.ts: 3ms, application-code: 4.5s)
  └─ ƒ updateProfile({"city":"Abuja municipal","firstName":"David","lastName":"Okoronkwo","...":"2 items not stringified"}) in 4482ms lib/auth.ts
 GET /account 200 in 2.3s (next.js: 4ms, proxy.ts: 3ms, application-code: 2.3s)
 GET / 200 in 2.7s (next.js: 6ms, proxy.ts: 2ms, application-code: 2.7s)
 POST /account 303 in 5.0s (next.js: 5ms, proxy.ts: 3ms, application-code: 5.0s)
  └─ ƒ webLogout() in 2276ms lib/auth.ts
 GET /login 200 in 29ms (next.js: 5ms, proxy.ts: 4ms, application-code: 20ms)
 POST /login 200 in 3.5s (next.js: 4ms, proxy.ts: 3ms, application-code: 3.5s)
  └─ ƒ webLogin("david.okoronkwo200805@gmail.com", "J@F!S36pVyTCThv") in 1999ms lib/auth.ts
 GET /account 200 in 1879ms (next.js: 5ms, proxy.ts: 2ms, application-code: 1871ms)
 GET /account 200 in 3.6s (next.js: 6ms, proxy.ts: 3ms, application-code: 3.5s)
 GET / 200 in 895ms (next.js: 4ms, proxy.ts: 2ms, application-code: 889ms)
 GET /api/proxy/properties/b931ce75-9432-410a-bf18-59fddf04aa3d/favorite-status 200 in 2.5s (next.js: 7ms, application-code: 2.5s)
 GET /api/proxy/properties/b931ce75-9432-410a-bf18-59fddf04aa3d/favorite-status 200 in 1252ms (next.js: 7ms, application-code: 1245ms)
 GET /services/real-estate 200 in 852ms (next.js: 4ms, proxy.ts: 3ms, application-code: 844ms)
 GET /api/proxy/properties/b931ce75-9432-410a-bf18-59fddf04aa3d/favorite-status 200 in 2.5s (next.js: 7ms, application-code: 2.5s)
 GET /api/proxy/properties/b931ce75-9432-410a-bf18-59fddf04aa3d/favorite-status 200 in 1657ms (next.js: 7ms, application-code: 1651ms)
 GET /services/real-estate 200 in 1257ms (next.js: 5ms, proxy.ts: 3ms, application-code: 1249ms)
 GET /api/proxy/properties/b931ce75-9432-410a-bf18-59fddf04aa3d/favorite-status 200 in 2.5s (next.js: 7ms, application-code: 2.5s)
 GET /services/lpo-financing 200 in 38ms (next.js: 6ms, proxy.ts: 4ms, application-code: 29ms)
 GET /services/lpo-financing 200 in 951ms (next.js: 6ms, proxy.ts: 3ms, application-code: 943ms)
 GET / 200 in 1905ms (next.js: 4ms, proxy.ts: 3ms, application-code: 1898ms)
 GET /api/proxy/properties/b931ce75-9432-410a-bf18-59fddf04aa3d/favorite-status 200 in 2.4s (next.js: 8ms, application-code: 2.4s)
 GET /account 200 in 1673ms (next.js: 4ms, proxy.ts: 3ms, application-code: 1665ms)
 GET /api/proxy/properties/b931ce75-9432-410a-bf18-59fddf04aa3d/favorite-status 200 in 1212ms (next.js: 7ms, application-code: 1205ms)
 GET / 200 in 2.7s (next.js: 4ms, proxy.ts: 2ms, application-code: 2.7s)
 POST /account 303 in 5.2s (next.js: 6ms, proxy.ts: 3ms, application-code: 5.2s)
  └─ ƒ webLogout() in 2412ms lib/auth.ts
 GET /login 200 in 25ms (next.js: 5ms, proxy.ts: 3ms, application-code: 18ms)
 GET /services/real-estate 200 in 930ms (next.js: 4ms, proxy.ts: 3ms, application-code: 923ms)
 GET /properties 200 in 1275ms (next.js: 5ms, proxy.ts: 3ms, application-code: 1267ms)
 GET /services/real-estate 200 in 862ms (next.js: 4ms, proxy.ts: 3ms, application-code: 856ms)
✓ Compiled in 1310ms
 GET /services/real-estate 200 in 428ms (next.js: 156ms, proxy.ts: 217ms, application-code: 56ms)
 GET /services/real-estate 200 in 1196ms (next.js: 413ms, proxy.ts: 68ms, application-code: 715ms)
 GET / 200 in 1185ms (next.js: 314ms, proxy.ts: 71ms, application-code: 800ms)
 GET /services/real-estate 200 in 1225ms (next.js: 135ms, proxy.ts: 71ms, application-code: 1019ms)
 GET /services/real-estate 200 in 710ms (next.js: 278ms, proxy.ts: 268ms, application-code: 164ms)
 GET /services/real-estate 200 in 228ms (next.js: 145ms, proxy.ts: 20ms, application-code: 64ms)
 GET /services/real-estate 200 in 1432ms (next.js: 438ms, proxy.ts: 16ms, application-code: 978ms)
 GET /services/real-estate 200 in 1422ms (next.js: 280ms, proxy.ts: 433ms, application-code: 709ms)
✓ Compiled in 295ms
 GET /services/real-estate 200 in 352ms (next.js: 214ms, proxy.ts: 83ms, application-code: 54ms)
 GET /services/real-estate 200 in 3.8s (next.js: 177ms, proxy.ts: 7ms, application-code: 3.6s)
 GET /services/real-estate 200 in 514ms (next.js: 194ms, proxy.ts: 220ms, application-code: 100ms)
 GET /services/real-estate 200 in 516ms (next.js: 153ms, proxy.ts: 220ms, application-code: 143ms)
 GET /services/real-estate 200 in 778ms (next.js: 155ms, proxy.ts: 58ms, application-code: 564ms)
 GET /services/real-estate 200 in 786ms (next.js: 88ms, proxy.ts: 58ms, application-code: 640ms)
 GET /services/real-estate 200 in 526ms (next.js: 104ms, proxy.ts: 220ms, application-code: 203ms)
 GET /services/real-estate 200 in 878ms (next.js: 206ms, proxy.ts: 57ms, application-code: 615ms)
 GET /services/real-estate 200 in 879ms (next.js: 366ms, proxy.ts: 57ms, application-code: 455ms)
 GET /properties 200 in 3.6s (next.js: 20ms, proxy.ts: 4ms, application-code: 3.6s)
 GET /services/real-estate 200 in 2.8s (next.js: 5ms, proxy.ts: 3ms, application-code: 2.8s)
 GET / 200 in 3.1s (next.js: 100ms, proxy.ts: 4ms, application-code: 3.0s)
 GET / 200 in 2.7s (next.js: 5ms, proxy.ts: 3ms, application-code: 2.7s)
✓ Compiled in 119ms
 GET / 200 in 220ms (next.js: 102ms, proxy.ts: 55ms, application-code: 63ms)
 GET /properties 200 in 3.1s (next.js: 101ms, proxy.ts: 3ms, application-code: 3.0s)
 GET /properties/test-id 404 in 897ms (next.js: 115ms, proxy.ts: 3ms, application-code: 780ms)
 GET /properties/b931ce75-9432-410a-bf18-59fddf04aa3d 200 in 2.2s (next.js: 11ms, proxy.ts: 3ms, application-code: 2.1s)
 GET / 200 in 2.8s (next.js: 11ms, proxy.ts: 8ms, application-code: 2.7s)
✓ Compiled in 134ms
 GET / 200 in 666ms (next.js: 304ms, proxy.ts: 106ms, application-code: 256ms)
 GET / 200 in 81ms (next.js: 12ms, proxy.ts: 6ms, application-code: 63ms)
✓ Compiled in 158ms
 GET / 200 in 375ms (next.js: 155ms, proxy.ts: 83ms, application-code: 137ms)
✓ Compiled in 286ms
 GET / 200 in 289ms (next.js: 133ms, proxy.ts: 76ms, application-code: 80ms)
[?25h
